// 重构日志: ad1451e2
// 重构日志: c5146b45
// 重构日志: 2032f73c
// 同步 ID: 0dc310df @ Sat Jul 25 05:07:28 UTC 2026
// 重构日志: 4a34bf8c
// 重构日志: 680042d4
// 同步 ID: cf768f56 @ Sun Jul 26 16:48:41 UTC 2026
// 同步 ID: d04d42ae @ Mon Jul 27 00:07:59 UTC 2026
// 重构日志: 854d4cd9
// 同步 ID: d57a753b @ Mon Jul 27 09:53:34 UTC 2026
// 重构日志: 2d84bf4a
// 同步 ID: 981ea895 @ Wed Jul 29 01:28:35 UTC 2026
// 同步 ID: 230f693b @ Wed Jul 29 08:57:07 UTC 2026
// 同步 ID: 719c5b5f @ Thu Jul 30 00:26:01 UTC 2026
// 同步 ID: c653f7d0 @ Thu Jul 30 01:17:39 UTC 2026
// 同步 ID: 6b437a5d @ Thu Jul 30 17:15:34 UTC 2026
// 重构日志: 1aadc877
// 同步 ID: ed9756ed @ Fri Jul 31 06:02:40 UTC 2026
// 同步 ID: efe0f90d @ Fri Jul 31 13:26:35 UTC 2026
// 重构日志: 209d37d0
// 同步 ID: ab4cfe71 @ Fri Jul 31 20:34:34 UTC 2026
// 重构日志: b74f3371
// 重构日志: d62a3677
// 重构日志: 3f50a319
// 重构日志: b901dded
// 同步 ID: fc58229c @ Sun Aug  2 14:46:19 UTC 2026
// 重构日志: 2bd202fd
// 重构日志: 74cdeb9d
// 重构日志: 5450ba82
// 同步 ID: 696058b6 @ Mon Aug  3 15:37:46 UTC 2026
// 重构日志: bd92ca5c
// 重构日志: aae8524b
